1
2
-3
-4
10000
1.000000
2.000000
-3.000000
-4.000000
10000.000000
1
1
1
0
0

