1
1.000000
1
0
2
2.000000
0
1
4
4.000000
1
0
100
100.000000
0
1
-1
-1.000000
1
0
1
1.000000
1
0
2
2.000000
0
1
4
4.000000
1
0
100
100.000000
0
1
-1
-1.000000
1
0
1

