5
6
12
5.750000
4.250000
10.000000
1
0
1
3
4
5
3
4
5
6
7
8

